// Jest Snapshot v1, https://goo.gl/fbAQLP

exports[`<LinkAccordion /> renders correctly 1`] = `
<div
  className="accordion"
  data-testid="link-accordion"
/>
`;
