// Jest Snapshot v1, https://goo.gl/fbAQLP

exports[`<Welcome /> renders correctly 1`] = `
<div
  className="typewriter-wrapper"
/>
`;
